../Core/Src/main.c:66:6:toggle_red	8	static
../Core/Src/main.c:77:5:main	8	static
../Core/Src/main.c:138:6:SystemClock_Config	88	static
../Core/Src/main.c:182:13:MX_ADC1_Init	24	static
../Core/Src/main.c:229:13:MX_TIM2_Init	32	static
../Core/Src/main.c:274:13:MX_USART2_UART_Init	8	static
../Core/Src/main.c:307:13:MX_GPIO_Init	32	static
../Core/Src/main.c:331:6:HAL_TIM_PeriodElapsedCallback	16	static
../Core/Src/main.c:336:6:HAL_UART_RxCpltCallback	16	static
../Core/Src/main.c:352:6:Error_Handler	4	static,ignoring_inline_asm
